Copyright 1986-2022 Xilinx, Inc. All Rights Reserved. Copyright 2022-2023 Advanced Micro Devices, Inc. All Rights Reserved.
---------------------------------------------------------------------------------------------------------------------------------------------
| Tool Version : Vivado v.2023.2 (lin64) Build 4029153 Fri Oct 13 20:13:54 MDT 2023
| Date         : Thu Oct  1 19:05:02 2026
| Host         : yijie running 64-bit Ubuntu 24.04.5 LTS
| Command      : report_utilization -file build/rdma_ofdm4g_m2_utilization.rpt
| Design       : rdma_ofdm_top
| Device       : xczu48dr-ffvg1517-2-e
| Speed File   : -2
| Design State : Physopt postRoute
---------------------------------------------------------------------------------------------------------------------------------------------

Utilization Design Information

Table of Contents
-----------------
1. CLB Logic
1.1 Summary of Registers by Type
2. CLB Logic Distribution
3. BLOCKRAM
4. ARITHMETIC
5. I/O
6. CLOCK
7. ADVANCED
8. CONFIGURATION
9. Primitives
10. Black Boxes
11. Instantiated Netlists

1. CLB Logic
------------

+----------------------------+--------+-------+------------+-----------+-------+
|          Site Type         |  Used  | Fixed | Prohibited | Available | Util% |
+----------------------------+--------+-------+------------+-----------+-------+
| CLB LUTs                   | 184431 |     0 |          0 |    425280 | 43.37 |
|   LUT as Logic             | 125250 |     0 |          0 |    425280 | 29.45 |
|   LUT as Memory            |  59181 |     0 |          0 |    213600 | 27.71 |
|     LUT as Distributed RAM |  45261 |     0 |            |           |       |
|     LUT as Shift Register  |  13920 |     0 |            |           |       |
| CLB Registers              | 245248 |    70 |          0 |    850560 | 28.83 |
|   Register as Flip Flop    | 245247 |    70 |          0 |    850560 | 28.83 |
|   Register as Latch        |      0 |     0 |          0 |    850560 |  0.00 |
|   Register as AND/OR       |      1 |     0 |          0 |    850560 | <0.01 |
| CARRY8                     |   3025 |     0 |          0 |     53160 |  5.69 |
| F7 Muxes                   |   2484 |     0 |          0 |    212640 |  1.17 |
| F8 Muxes                   |    347 |     0 |          0 |    106320 |  0.33 |
| F9 Muxes                   |      0 |     0 |          0 |     53160 |  0.00 |
+----------------------------+--------+-------+------------+-----------+-------+
* Warning! LUT value is adjusted to account for LUT combining.


1.1 Summary of Registers by Type
--------------------------------

+--------+--------------+-------------+--------------+
|  Total | Clock Enable | Synchronous | Asynchronous |
+--------+--------------+-------------+--------------+
| 1      |            _ |           - |            - |
| 0      |            _ |           - |          Set |
| 0      |            _ |           - |        Reset |
| 0      |            _ |         Set |            - |
| 0      |            _ |       Reset |            - |
| 0      |          Yes |           - |            - |
| 1776   |          Yes |           - |          Set |
| 2873   |          Yes |           - |        Reset |
| 2894   |          Yes |         Set |            - |
| 237704 |          Yes |       Reset |            - |
+--------+--------------+-------------+--------------+


2. CLB Logic Distribution
-------------------------

+--------------------------------------------+--------+-------+------------+-----------+-------+
|                  Site Type                 |  Used  | Fixed | Prohibited | Available | Util% |
+--------------------------------------------+--------+-------+------------+-----------+-------+
| CLB                                        |  38232 |     0 |          0 |     53160 | 71.92 |
|   CLBL                                     |  18425 |     0 |            |           |       |
|   CLBM                                     |  19807 |     0 |            |           |       |
| LUT as Logic                               | 125250 |     0 |          0 |    425280 | 29.45 |
|   using O5 output only                     |   2605 |       |            |           |       |
|   using O6 output only                     |  81869 |       |            |           |       |
|   using O5 and O6                          |  40776 |       |            |           |       |
| LUT as Memory                              |  59181 |     0 |          0 |    213600 | 27.71 |
|   LUT as Distributed RAM                   |  45261 |     0 |            |           |       |
|     using O5 output only                   |      0 |       |            |           |       |
|     using O6 output only                   |  30366 |       |            |           |       |
|     using O5 and O6                        |  14895 |       |            |           |       |
|   LUT as Shift Register                    |  13920 |     0 |            |           |       |
|     using O5 output only                   |      0 |       |            |           |       |
|     using O6 output only                   |   4765 |       |            |           |       |
|     using O5 and O6                        |   9155 |       |            |           |       |
| CLB Registers                              | 245248 |     0 |          0 |    850560 | 28.83 |
|   Register driven from within the CLB      | 121558 |       |            |           |       |
|   Register driven from outside the CLB     | 123690 |       |            |           |       |
|     LUT in front of the register is unused |  81680 |       |            |           |       |
|     LUT in front of the register is used   |  42010 |       |            |           |       |
| Unique Control Sets                        |   5703 |       |          0 |    106320 |  5.36 |
+--------------------------------------------+--------+-------+------------+-----------+-------+
* * Note: Available Control Sets calculated as Slices * 2, Review the Control Sets Report for more information regarding control sets.


3. BLOCKRAM
-----------

+-------------------+------+-------+------------+-----------+-------+
|     Site Type     | Used | Fixed | Prohibited | Available | Util% |
+-------------------+------+-------+------------+-----------+-------+
| Block RAM Tile    |  764 |     0 |          0 |      1080 | 70.74 |
|   RAMB36/FIFO*    |  680 |     0 |          0 |      1080 | 62.96 |
|     RAMB36E2 only |  680 |       |            |           |       |
|   RAMB18          |  168 |     0 |          0 |      2160 |  7.78 |
|     RAMB18E2 only |  168 |       |            |           |       |
| URAM              |   76 |     0 |          0 |        80 | 95.00 |
+-------------------+------+-------+------------+-----------+-------+
* Note: Each Block RAM Tile only has one FIFO logic available and therefore can accommodate only one FIFO36E2 or one FIFO18E2. However, if a FIFO18E2 occupies a Block RAM Tile, that tile can still accommodate a RAMB18E2


4. ARITHMETIC
-------------

+----------------+------+-------+------------+-----------+-------+
|    Site Type   | Used | Fixed | Prohibited | Available | Util% |
+----------------+------+-------+------------+-----------+-------+
| DSPs           |  646 |     0 |          0 |      4272 | 15.12 |
|   DSP48E2 only |  646 |       |            |           |       |
+----------------+------+-------+------------+-----------+-------+


5. I/O
------

+------------------+------+-------+------------+-----------+-------+
|     Site Type    | Used | Fixed | Prohibited | Available | Util% |
+------------------+------+-------+------------+-----------+-------+
| Bonded IOB       |  127 |   127 |          0 |       347 | 36.60 |
| HPIOB_M          |   68 |    68 |          0 |       138 | 49.28 |
|   INPUT          |    4 |       |            |           |       |
|   OUTPUT         |   16 |       |            |           |       |
|   BIDIR          |   48 |       |            |           |       |
| HPIOB_S          |   58 |    58 |          0 |       138 | 42.03 |
|   INPUT          |    5 |       |            |           |       |
|   OUTPUT         |   13 |       |            |           |       |
|   BIDIR          |   40 |       |            |           |       |
| HDIOB_M          |    0 |     0 |          0 |        24 |  0.00 |
| HDIOB_S          |    0 |     0 |          0 |        24 |  0.00 |
| HPIOB_SNGL       |    1 |     1 |          0 |        23 |  4.35 |
|   INPUT          |    0 |       |            |           |       |
|   OUTPUT         |    1 |       |            |           |       |
|   BIDIR          |    0 |       |            |           |       |
| HPIOBDIFFINBUF   |   12 |    12 |          0 |       192 |  6.25 |
|   DIFFINBUF      |   12 |    12 |            |           |       |
| HPIOBDIFFOUTBUF  |    0 |     0 |          0 |       192 |  0.00 |
| HDIOBDIFFINBUF   |    0 |     0 |          0 |        72 |  0.00 |
| BITSLICE_CONTROL |   24 |     0 |          0 |        64 | 37.50 |
| BITSLICE_RX_TX   |  105 |   105 |          0 |      2496 |  4.21 |
|   RXTX_BITSLICE  |  105 |   105 |            |           |       |
| BITSLICE_TX      |   24 |     0 |          0 |        64 | 37.50 |
| RIU_OR           |   12 |     0 |          0 |        32 | 37.50 |
| RF_ADC           |    0 |     0 |          4 |         4 |  0.00 |
| RF_DAC           |    0 |     0 |          4 |         4 |  0.00 |
+------------------+------+-------+------------+-----------+-------+


6. CLOCK
--------

+----------------------+------+-------+------------+-----------+-------+
|       Site Type      | Used | Fixed | Prohibited | Available | Util% |
+----------------------+------+-------+------------+-----------+-------+
| GLOBAL CLOCK BUFFERs |   22 |     0 |          0 |       696 |  3.16 |
|   BUFGCE             |   19 |     0 |          0 |       216 |  8.80 |
|   BUFGCE_DIV         |    0 |     0 |          0 |        32 |  0.00 |
|   BUFG_GT            |    2 |     0 |          0 |       312 |  0.64 |
|   BUFG_PS            |    1 |     0 |          0 |        72 |  1.39 |
|   BUFGCTRL*          |    0 |     0 |          0 |        64 |  0.00 |
| PLL                  |    3 |     0 |          0 |        16 | 18.75 |
| MMCM                 |    3 |     1 |          0 |         8 | 37.50 |
+----------------------+------+-------+------------+-----------+-------+
* Note: Each used BUFGCTRL counts as two GLOBAL CLOCK BUFFERs. This table does not include global clocking resources, only buffer cell usage. See the Clock Utilization Report (report_clock_utilization) for detailed accounting of global clocking resource availability.


7. ADVANCED
-----------

+-----------------+------+-------+------------+-----------+--------+
|    Site Type    | Used | Fixed | Prohibited | Available |  Util% |
+-----------------+------+-------+------------+-----------+--------+
| CMACE4          |    1 |     1 |          0 |         2 |  50.00 |
| FE              |    0 |     0 |          0 |         8 |   0.00 |
| GTYE4_CHANNEL   |    4 |     4 |          0 |        16 |  25.00 |
| GTYE4_COMMON    |    1 |     0 |          0 |         4 |  25.00 |
| ILKNE4          |    0 |     0 |          0 |         1 |   0.00 |
| OBUFDS_GTE4     |    0 |     0 |          0 |         8 |   0.00 |
| OBUFDS_GTE4_ADV |    0 |     0 |          0 |         8 |   0.00 |
| PCIE4CE4        |    0 |     0 |          0 |         2 |   0.00 |
| PS8             |    1 |     0 |          0 |         1 | 100.00 |
| RFADC           |    4 |     4 |          0 |         4 | 100.00 |
| RFDAC           |    4 |     4 |          0 |         4 | 100.00 |
| SYSMONE4        |    0 |     0 |          0 |         1 |   0.00 |
+-----------------+------+-------+------------+-----------+--------+


8. CONFIGURATION
----------------

+-------------+------+-------+------------+-----------+-------+
|  Site Type  | Used | Fixed | Prohibited | Available | Util% |
+-------------+------+-------+------------+-----------+-------+
| BSCANE2     |    1 |     0 |          0 |         4 | 25.00 |
| DNA_PORTE2  |    0 |     0 |          0 |         1 |  0.00 |
| EFUSE_USR   |    0 |     0 |          0 |         1 |  0.00 |
| FRAME_ECCE4 |    0 |     0 |          0 |         1 |  0.00 |
| ICAPE3      |    0 |     0 |          0 |         2 |  0.00 |
| MASTER_JTAG |    0 |     0 |          0 |         1 |  0.00 |
| STARTUPE3   |    0 |     0 |          0 |         1 |  0.00 |
+-------------+------+-------+------------+-----------+-------+


9. Primitives
-------------

+------------------+--------+---------------------+
|     Ref Name     |  Used  | Functional Category |
+------------------+--------+---------------------+
| FDRE             | 237704 |            Register |
| LUT3             |  55095 |                 CLB |
| LUT6             |  43095 |                 CLB |
| RAMD64E          |  29650 |                 CLB |
| RAMD32           |  26222 |                 CLB |
| LUT5             |  24215 |                 CLB |
| LUT4             |  23553 |                 CLB |
| SRL16E           |  19655 |                 CLB |
| LUT2             |  16555 |                 CLB |
| RAMS32           |   3788 |                 CLB |
| LUT1             |   3513 |                 CLB |
| SRLC32E          |   3420 |                 CLB |
| CARRY8           |   3025 |                 CLB |
| FDSE             |   2894 |            Register |
| FDCE             |   2873 |            Register |
| MUXF7            |   2484 |                 CLB |
| FDPE             |   1776 |            Register |
| RAMB36E2         |    680 |            BLOCKRAM |
| DSP48E2          |    646 |          Arithmetic |
| RAMS64E          |    496 |                 CLB |
| MUXF8            |    347 |                 CLB |
| RAMB18E2         |    168 |            BLOCKRAM |
| RXTX_BITSLICE    |    105 |                 I/O |
| IBUFCTRL         |     85 |              Others |
| URAM288          |     76 |            BLOCKRAM |
| INBUF            |     73 |                 I/O |
| OBUFT_DCIEN      |     72 |                 I/O |
| OBUF             |     30 |                 I/O |
| TX_BITSLICE_TRI  |     24 |                 I/O |
| BITSLICE_CONTROL |     24 |                 I/O |
| BUFGCE           |     19 |               Clock |
| OBUFT            |     16 |                 I/O |
| RIU_OR           |     12 |                 I/O |
| DIFFINBUF        |     12 |                 I/O |
| INV              |      9 |                 CLB |
| HPIO_VREF        |      8 |                 I/O |
| RFDAC            |      4 |            Advanced |
| RFADC            |      4 |            Advanced |
| GTYE4_CHANNEL    |      4 |            Advanced |
| PLLE4_ADV        |      3 |               Clock |
| MMCME4_ADV       |      3 |               Clock |
| BUFG_GT_SYNC     |      2 |               Clock |
| BUFG_GT          |      2 |               Clock |
| PS8              |      1 |            Advanced |
| IBUFDS_GTE4      |      1 |                 I/O |
| GTYE4_COMMON     |      1 |            Advanced |
| CMACE4           |      1 |            Advanced |
| BUFG_PS          |      1 |               Clock |
| BSCANE2          |      1 |       Configuration |
| AND2B1L          |      1 |              Others |
+------------------+--------+---------------------+


10. Black Boxes
---------------

+----------+------+
| Ref Name | Used |
+----------+------+


11. Instantiated Netlists
-------------------------

+-------------------------------+------+
|            Ref Name           | Used |
+-------------------------------+------+
| ifft1024                      |   16 |
| vio_0                         |    1 |
| mts_zynq_ultra_ps_e_0_0       |    1 |
| mts_xbar_0                    |    1 |
| mts_usp_rf_data_converter_0_0 |    1 |
| mts_rst_rf_0                  |    1 |
| mts_rst_ps_0                  |    1 |
| mts_rst_cap_0                 |    1 |
| mts_mts_sync_0_0              |    1 |
| mts_mmcm_rf_0                 |    1 |
| mts_ibufds_pl_clk_0           |    1 |
| mts_gpio_meter_0              |    1 |
| mts_gpio_ctrl_0               |    1 |
| mts_dac_streamer_0            |    1 |
| mts_dac_play_mem_0            |    1 |
| mts_dac_play_ctrl_0           |    1 |
| mts_dac_mux_0                 |    1 |
| mts_dac_dw_0                  |    1 |
| mts_dac_cc_0                  |    1 |
| mts_dac_bcast_0               |    1 |
| mts_clk_meter_0_0             |    1 |
| mts_cap3_writer_0             |    1 |
| mts_cap3_mem_0                |    1 |
| mts_cap3_gate_0               |    1 |
| mts_cap3_dw_0                 |    1 |
| mts_cap3_ctrl_0               |    1 |
| mts_cap3_cc_0                 |    1 |
| mts_cap2_writer_0             |    1 |
| mts_cap2_mem_0                |    1 |
| mts_cap2_gate_0               |    1 |
| mts_cap2_dw_0                 |    1 |
| mts_cap2_ctrl_0               |    1 |
| mts_cap2_cc_0                 |    1 |
| mts_cap1_writer_0             |    1 |
| mts_cap1_mem_0                |    1 |
| mts_cap1_gate_0               |    1 |
| mts_cap1_dw_0                 |    1 |
| mts_cap1_ctrl_0               |    1 |
| mts_cap1_cc_0                 |    1 |
| mts_cap0_writer_0             |    1 |
| mts_cap0_mem_0                |    1 |
| mts_cap0_gate_0               |    1 |
| mts_cap0_dw_0                 |    1 |
| mts_cap0_ctrl_0               |    1 |
| mts_cap0_cc_0                 |    1 |
| mts_bufg_pl_clk_0             |    1 |
| mts_auto_us_0                 |    1 |
| mts_auto_pc_2                 |    1 |
| mts_auto_pc_1                 |    1 |
| mts_auto_pc_0                 |    1 |
| mts_auto_ds_6                 |    1 |
| mts_auto_ds_5                 |    1 |
| mts_auto_ds_4                 |    1 |
| mts_auto_ds_3                 |    1 |
| mts_auto_ds_2                 |    1 |
| mts_auto_ds_1                 |    1 |
| mts_auto_ds_0                 |    1 |
| mts_auto_cc_4                 |    1 |
| mts_auto_cc_3                 |    1 |
| mts_auto_cc_2                 |    1 |
| mts_auto_cc_1                 |    1 |
| mts_auto_cc_0                 |    1 |
| mts_adc_d_tap_0               |    1 |
| mts_adc_c_tap_0               |    1 |
| mts_adc_b_tap_0               |    1 |
| mts_adc_a_tap_0               |    1 |
| jtag_axi_mem                  |    1 |
| jtag_axi_lite                 |    1 |
| ernic_0                       |    1 |
| ddr4_0_phy                    |    1 |
| ddr4_0                        |    1 |
| dbg_hub                       |    1 |
| cmac_usplus_0                 |    1 |
| axi_ic_0                      |    1 |
+-------------------------------+------+


